// Jest Snapshot v1, https://goo.gl/fbAQLP

exports[`TEST GifGridItem should show component correctly 1`] = `
<div
  className="card animate__animated animate__fadeIn"
>
  <img
    alt="Un titulo"
    src="http://localhost:4200"
  />
  <p>
    Un titulo
  </p>
</div>
`;
